// Vitest Snapshot v1, https://vitest.dev/guide/snapshot.html

exports[`feedbackExport — snapshot (deterministic by contract) > pins both sheets for resolved-with-fields, legacy-resolved and open threads 1`] = `
{
  "messageHeaders": [
    "رقم المحادثة",
    "النوع",
    "الحالة",
    "التسلسل",
    "الكاتب",
    "الدور",
    "التاريخ",
    "النص",
  ],
  "messageRows": [
    [
      "t20260920100000-aaaaaaaa",
      "مشكلة",
      "مغلقة",
      1,
      "sara",
      "الموظف",
      "2026-09-20 13:00:00",
      "الجهاز لا يعمل",
    ],
    [
      "t20260920100000-aaaaaaaa",
      "مشكلة",
      "مغلقة",
      2,
      "admin",
      "الإدارة",
      "2026-09-21 12:00:00",
      "نراجع",
    ],
    [
      "t20260920100000-aaaaaaaa",
      "مشكلة",
      "مغلقة",
      3,
      "manager1",
      "المدير",
      "2026-09-22 14:30:00",
      "تم الحل",
    ],
    [
      "t20260101100000-bbbbbbbb",
      "استفسار",
      "مغلقة",
      1,
      "omar",
      "المشرف",
      "2026-01-01 13:00:00",
      "سؤال قديم",
    ],
    [
      "t20260101100000-bbbbbbbb",
      "استفسار",
      "مغلقة",
      2,
      "admin",
      "الإدارة",
      "2026-01-02 11:15:00",
      "أُجيب",
    ],
    [
      "t20260925100000-cccccccc",
      "اقتراح",
      "مفتوحة",
      1,
      "lina",
      "custom-role",
      "2026-09-25 13:00:00",
      "اقتراح",
    ],
  ],
  "threadHeaders": [
    "رقم المحادثة",
    "المرسل",
    "الدور",
    "النوع",
    "الحالة",
    "تاريخ الإنشاء",
    "آخر نشاط",
    "عدد الردود",
    "تاريخ الإغلاق",
    "أُغلقت بواسطة",
    "إغلاق تقديري",
    "النص الأصلي",
  ],
  "threadRows": [
    [
      "t20260920100000-aaaaaaaa",
      "sara",
      "الموظف",
      "مشكلة",
      "مغلقة",
      "2026-09-20 13:00:00",
      "2026-09-22 14:30:00",
      2,
      "2026-09-22 14:30:00",
      "manager1",
      "لا",
      "الجهاز لا يعمل",
    ],
    [
      "t20260101100000-bbbbbbbb",
      "omar",
      "المشرف",
      "استفسار",
      "مغلقة",
      "2026-01-01 13:00:00",
      "2026-01-02 11:15:00",
      1,
      "2026-01-02 11:15:00",
      "admin",
      "نعم",
      "سؤال قديم",
    ],
    [
      "t20260925100000-cccccccc",
      "lina",
      "custom-role",
      "اقتراح",
      "مفتوحة",
      "2026-09-25 13:00:00",
      "2026-09-25 13:00:00",
      0,
      "",
      "",
      "",
      "اقتراح",
    ],
  ],
}
`;
