// Vitest Snapshot v1, https://vitest.dev/guide/snapshot.html

exports[`feedbackExport — snapshot (deterministic by contract) > pins both sheets for resolved-with-fields, legacy-resolved and open threads 1`] = `
{
  "messageHeaders": [
    "رقم المحادثة",
    "النوع",
    "الحالة",
    "التسلسل",
    "الكاتب",
    "الدور",
    "التاريخ",
    "النص",
  ],
  "messageRows": [
    [
      "t20260920100000-aaaaaaaa",
      "مشكلة",
      "مغلقة",
      1,
      "sara",
      "الموظف",
      "20‏/09‏/2026، 10:00 ص",
      "الجهاز لا يعمل",
    ],
    [
      "t20260920100000-aaaaaaaa",
      "مشكلة",
      "مغلقة",
      2,
      "admin",
      "الإدارة",
      "21‏/09‏/2026، 09:00 ص",
      "نراجع",
    ],
    [
      "t20260920100000-aaaaaaaa",
      "مشكلة",
      "مغلقة",
      3,
      "manager1",
      "المدير",
      "22‏/09‏/2026، 11:30 ص",
      "تم الحل",
    ],
    [
      "t20260101100000-bbbbbbbb",
      "استفسار",
      "مغلقة",
      1,
      "omar",
      "المشرف",
      "01‏/01‏/2026، 10:00 ص",
      "سؤال قديم",
    ],
    [
      "t20260101100000-bbbbbbbb",
      "استفسار",
      "مغلقة",
      2,
      "admin",
      "الإدارة",
      "02‏/01‏/2026، 08:15 ص",
      "أُجيب",
    ],
    [
      "t20260925100000-cccccccc",
      "اقتراح",
      "مفتوحة",
      1,
      "lina",
      "custom-role",
      "25‏/09‏/2026، 10:00 ص",
      "اقتراح",
    ],
  ],
  "threadHeaders": [
    "رقم المحادثة",
    "المرسل",
    "الدور",
    "النوع",
    "الحالة",
    "تاريخ الإنشاء",
    "آخر نشاط",
    "عدد الردود",
    "تاريخ الإغلاق",
    "أُغلقت بواسطة",
    "النص الأصلي",
  ],
  "threadRows": [
    [
      "t20260920100000-aaaaaaaa",
      "sara",
      "الموظف",
      "مشكلة",
      "مغلقة",
      "20‏/09‏/2026، 10:00 ص",
      "22‏/09‏/2026، 11:30 ص",
      2,
      "22‏/09‏/2026، 11:30 ص",
      "manager1",
      "الجهاز لا يعمل",
    ],
    [
      "t20260101100000-bbbbbbbb",
      "omar",
      "المشرف",
      "استفسار",
      "مغلقة",
      "01‏/01‏/2026، 10:00 ص",
      "02‏/01‏/2026، 08:15 ص",
      1,
      "02‏/01‏/2026، 08:15 ص (تقديري)",
      "admin (تقديري)",
      "سؤال قديم",
    ],
    [
      "t20260925100000-cccccccc",
      "lina",
      "custom-role",
      "اقتراح",
      "مفتوحة",
      "25‏/09‏/2026، 10:00 ص",
      "25‏/09‏/2026، 10:00 ص",
      0,
      "",
      "",
      "اقتراح",
    ],
  ],
}
`;
