// Vitest Snapshot v1, https://vitest.dev/guide/snapshot.html

exports[`buildExecutiveReportRows — deterministic output for a month with no orphans > matches the pre-change snapshot 1`] = `
[
  {
    "answerStatus": "submitted",
    "assignedAt": null,
    "assignedTo": null,
    "distributionStatus": null,
    "entryDay": null,
    "expertResult": "سليمة",
    "hasMarking": null,
    "hasReport": false,
    "imageAvailable": null,
    "imageQuality": null,
    "imageResult": "سليمة",
    "imageResultAccurate": true,
    "levelOneAccurate": true,
    "levelOneEmployeeId": null,
    "levelOneResult": "سليمة",
    "levelTwoAccurate": true,
    "levelTwoEmployeeId": null,
    "levelTwoResult": "سليمة",
    "lowQualityReason": null,
    "movementType": "LAND",
    "noImageReason": null,
    "notes": null,
    "otherResults": {
      "liveMeans": {
        "employeeId": null,
        "result": null,
      },
      "manual": {
        "employeeId": null,
        "result": null,
      },
      "opposite": {
        "employeeId": null,
        "result": null,
      },
    },
    "portCode": null,
    "portName": "بري",
    "portType": null,
    "selectedInSample": true,
    "smuggleMethod": null,
    "stage": "FIRST_STAGE",
    "submittedAt": "2026-05-02T08:00:00.000Z",
    "suspectedTypes": null,
    "suspicionLevel": null,
    "targetedByRiskEngine": null,
    "verificationCategory": "correct-clean",
    "xrayImageId": "P1",
  },
  {
    "answerStatus": null,
    "assignedAt": null,
    "assignedTo": null,
    "distributionStatus": null,
    "entryDay": null,
    "expertResult": null,
    "hasMarking": null,
    "hasReport": false,
    "imageAvailable": null,
    "imageQuality": null,
    "imageResult": "سليمة",
    "imageResultAccurate": null,
    "levelOneAccurate": null,
    "levelOneEmployeeId": null,
    "levelOneResult": "سليمة",
    "levelTwoAccurate": null,
    "levelTwoEmployeeId": null,
    "levelTwoResult": "سليمة",
    "lowQualityReason": null,
    "movementType": "LAND",
    "noImageReason": null,
    "notes": null,
    "otherResults": {
      "liveMeans": {
        "employeeId": null,
        "result": null,
      },
      "manual": {
        "employeeId": null,
        "result": null,
      },
      "opposite": {
        "employeeId": null,
        "result": null,
      },
    },
    "portCode": null,
    "portName": "بري",
    "portType": null,
    "selectedInSample": true,
    "smuggleMethod": null,
    "stage": "FIRST_STAGE",
    "submittedAt": null,
    "suspectedTypes": null,
    "suspicionLevel": null,
    "targetedByRiskEngine": null,
    "verificationCategory": null,
    "xrayImageId": "P2",
  },
  {
    "answerStatus": null,
    "assignedAt": null,
    "assignedTo": null,
    "distributionStatus": null,
    "entryDay": null,
    "expertResult": null,
    "hasMarking": null,
    "hasReport": false,
    "imageAvailable": null,
    "imageQuality": null,
    "imageResult": "سليمة",
    "imageResultAccurate": null,
    "levelOneAccurate": null,
    "levelOneEmployeeId": null,
    "levelOneResult": "سليمة",
    "levelTwoAccurate": null,
    "levelTwoEmployeeId": null,
    "levelTwoResult": "سليمة",
    "lowQualityReason": null,
    "movementType": "LAND",
    "noImageReason": null,
    "notes": null,
    "otherResults": {
      "liveMeans": {
        "employeeId": null,
        "result": null,
      },
      "manual": {
        "employeeId": null,
        "result": null,
      },
      "opposite": {
        "employeeId": null,
        "result": null,
      },
    },
    "portCode": null,
    "portName": "بري",
    "portType": null,
    "selectedInSample": false,
    "smuggleMethod": null,
    "stage": "FIRST_STAGE",
    "submittedAt": null,
    "suspectedTypes": null,
    "suspicionLevel": null,
    "targetedByRiskEngine": null,
    "verificationCategory": null,
    "xrayImageId": "P3",
  },
]
`;
